
[1m[46m RUN [49m[22m [36mv4.0.18 [39m[90mC:/Users/user/Documents/Projetos GIT-Godot/GIT/JJ_reviews/frontend[39m

 [32mÔ£ô[39m src/__tests__/components/MovieCard.test.tsx[2m > [22mMovieCard[2m > [22mrenderiza o t├¡tulo do filme[32m 238[2mms[22m[39m
 [32mÔ£ô[39m src/__tests__/components/MovieCard.test.tsx[2m > [22mMovieCard[2m > [22mrenderiza o diretor e ano[32m 35[2mms[22m[39m
 [32mÔ£ô[39m src/__tests__/components/MovieCard.test.tsx[2m > [22mMovieCard[2m > [22mexibe a nota para filmes assistidos[32m 16[2mms[22m[39m
 [32mÔ£ô[39m src/__tests__/components/MovieCard.test.tsx[2m > [22mMovieCard[2m > [22mexibe 'Na Fila' para filmes na watchlist[32m 16[2mms[22m[39m
 [32mÔ£ô[39m src/__tests__/components/MovieCard.test.tsx[2m > [22mMovieCard[2m > [22mexibe tag Nacional quando isNational=true[32m 16[2mms[22m[39m
 [32mÔ£ô[39m src/__tests__/components/MovieCard.test.tsx[2m > [22mMovieCard[2m > [22mexibe tag Oscar quando isOscar=true[32m 13[2mms[22m[39m
 [32mÔ£ô[39m src/__tests__/components/MovieCard.test.tsx[2m > [22mMovieCard[2m > [22mn├úo exibe tags quando n├úo ├® Nacional nem Oscar[32m 13[2mms[22m[39m
 [32mÔ£ô[39m src/__tests__/components/EmptyState.test.tsx[2m > [22mEmptyState[2m > [22mrenderiza t├¡tulo, mensagem e bot├úo de a├º├úo[32m 179[2mms[22m[39m
 [32mÔ£ô[39m src/__tests__/components/EmptyState.test.tsx[2m > [22mEmptyState[2m > [22mchama onAction quando o bot├úo ├® clicado[33m 1169[2mms[22m[39m
 [32mÔ£ô[39m src/__tests__/components/MovieCard.test.tsx[2m > [22mMovieCard[2m > [22mchama onClick quando clicado[33m 862[2mms[22m[39m
 [32mÔ£ô[39m src/__tests__/components/MovieCard.test.tsx[2m > [22mMovieCard[2m > [22mchama onClick ao pressionar Enter[32m 170[2mms[22m[39m
 [32mÔ£ô[39m src/__tests__/components/MovieCard.test.tsx[2m > [22mMovieCard[2m > [22mrenderiza poster com imagem quando poster_path existe[32m 17[2mms[22m[39m
 [32mÔ£ô[39m src/__tests__/components/MovieCard.test.tsx[2m > [22mMovieCard[2m > [22mrenderiza placeholder 'Sem Capa' quando poster_path ├® null[32m 13[2mms[22m[39m
 [32mÔ£ô[39m src/__tests__/components/MovieCard.test.tsx[2m > [22mMovieCard[2m > [22mexibe o badge de recomenda├º├úo[32m 13[2mms[22m[39m
 [32mÔ£ô[39m src/__tests__/components/MovieCard.test.tsx[2m > [22mMovieCard[2m > [22mexibe 'Aguardando...' para filme na watchlist sem recomenda├º├úo[32m 9[2mms[22m[39m
 [32mÔ£ô[39m src/__tests__/components/MovieCard.test.tsx[2m > [22mMovieCard[2m > [22mrenderiza o fallback de t├¡tulo quando title ├® undefined[32m 10[2mms[22m[39m
 [32mÔ£ô[39m src/__tests__/components/StarRating.test.tsx[2m > [22mStarRating[2m > [22mrenderiza 10 estrelas por padr├úo[33m 2368[2mms[22m[39m
 [32mÔ£ô[39m src/__tests__/components/StarRating.test.tsx[2m > [22mStarRating[2m > [22mrenderiza n├║mero customizado de estrelas[33m 591[2mms[22m[39m
 [32mÔ£ô[39m src/__tests__/components/StarRating.test.tsx[2m > [22mStarRating[2m > [22mexibe o valor num├®rico formatado[32m 76[2mms[22m[39m
 [32mÔ£ô[39m src/__tests__/components/StarRating.test.tsx[2m > [22mStarRating[2m > [22mexibe valor 0.0 quando value=0[32m 80[2mms[22m[39m
 [32mÔ£ô[39m src/__tests__/features/EditListModal.test.tsx[2m > [22mEditListModal[2m > [22mrenderiza com os dados da lista pr├®-preenchidos[33m 786[2mms[22m[39m
 [32mÔ£ô[39m src/__tests__/features/EditListModal.test.tsx[2m > [22mEditListModal[2m > [22mn├úo renderiza quando show=false[32m 20[2mms[22m[39m
 [32mÔ£ô[39m src/__tests__/features/MovieBattle.test.tsx[2m > [22mMovieBattle[2m > [22mrenderiza a tela de setup inicialmente[32m 218[2mms[22m[39m
 [32mÔ£ô[39m src/__tests__/features/MovieBattle.test.tsx[2m > [22mMovieBattle[2m > [22mexibe o bot├úo 'INICIAR COMBATE'[32m 43[2mms[22m[39m
 [32mÔ£ô[39m src/__tests__/components/ConfirmModal.test.tsx[2m > [22mConfirmModal[2m > [22mrenderiza t├¡tulo e mensagem quando show=true[33m 804[2mms[22m[39m
 [32mÔ£ô[39m src/__tests__/components/ConfirmModal.test.tsx[2m > [22mConfirmModal[2m > [22mn├úo renderiza conte├║do quando show=false[32m 28[2mms[22m[39m
 [32mÔ£ô[39m src/__tests__/features/MovieBattle.test.tsx[2m > [22mMovieBattle[2m > [22mchama onExit quando o bot├úo Sair ├® clicado[33m 783[2mms[22m[39m
 [32mÔ£ô[39m src/__tests__/features/MovieBattle.test.tsx[2m > [22mMovieBattle[2m > [22mmostra quantidade de filmes dispon├¡veis[32m 44[2mms[22m[39m
 [32mÔ£ô[39m src/__tests__/features/MovieBattle.test.tsx[2m > [22mMovieBattle[2m > [22mdesabilita o bot├úo quando n├úo h├í filmes suficientes[32m 41[2mms[22m[39m
 [32mÔ£ô[39m src/__tests__/features/CreateListModal.test.tsx[2m > [22mCreateListModal[2m > [22mrenderiza t├¡tulo 'Nova Lista' quando aberto[33m 928[2mms[22m[39m
 [32mÔ£ô[39m src/__tests__/features/CreateListModal.test.tsx[2m > [22mCreateListModal[2m > [22mn├úo renderiza quando show=false[32m 19[2mms[22m[39m
 [32mÔ£ô[39m src/__tests__/features/CreateListModal.test.tsx[2m > [22mCreateListModal[2m > [22mexibe os tr├¬s tipos de lista[32m 260[2mms[22m[39m
 [32mÔ£ô[39m src/__tests__/features/MovieBattle.test.tsx[2m > [22mMovieBattle[2m > [22mexibe op├º├Áes de crit├®rio de sele├º├úo[32m 74[2mms[22m[39m
 [32mÔ£ô[39m src/__tests__/components/StarRating.test.tsx[2m > [22mStarRating[2m > [22mexibe o m├íximo ao lado do valor[32m 126[2mms[22m[39m
 [32mÔ£ô[39m src/__tests__/components/ConfirmModal.test.tsx[2m > [22mConfirmModal[2m > [22mchama onConfirm quando o bot├úo de confirma├º├úo ├® clicado[33m 415[2mms[22m[39m
 [32mÔ£ô[39m src/__tests__/components/StarRating.test.tsx[2m > [22mStarRating[2m > [22maceita readOnly sem onChange[33m 1120[2mms[22m[39m
 [32mÔ£ô[39m src/__tests__/components/StarRating.test.tsx[2m > [22mStarRating[2m > [22mn├úo dispara onChange quando readOnly[32m 54[2mms[22m[39m
 [32mÔ£ô[39m src/__tests__/features/CreateListModal.test.tsx[2m > [22mCreateListModal[2m > [22mcome├ºa com o tipo 'private' (Particular) selecionado[32m 206[2mms[22m[39m
 [32mÔ£ô[39m src/__tests__/components/ConfirmModal.test.tsx[2m > [22mConfirmModal[2m > [22mchama onHide quando o bot├úo Cancelar ├® clicado[33m 400[2mms[22m[39m
 [32mÔ£ô[39m src/__tests__/features/CreateListModal.test.tsx[2m > [22mCreateListModal[2m > [22mdesabilita bot├úo de submit quando nome est├í vazio[32m 150[2mms[22m[39m
 [32mÔ£ô[39m src/__tests__/components/ConfirmModal.test.tsx[2m > [22mConfirmModal[2m > [22mdesabilita bot├Áes quando isProcessing=true[32m 144[2mms[22m[39m
 [32mÔ£ô[39m src/__tests__/components/ConfirmModal.test.tsx[2m > [22mConfirmModal[2m > [22musa t├¡tulo padr├úo 'Aten├º├úo' quando title n├úo ├® fornecido[32m 141[2mms[22m[39m
 [32mÔ£ô[39m src/__tests__/components/ConfirmModal.test.tsx[2m > [22mConfirmModal[2m > [22musa texto padr├úo 'Sim, excluir' quando confirmText n├úo ├® fornecido[32m 120[2mms[22m[39m
 [32mÔ£ô[39m src/__tests__/features/MovieBattle.test.tsx[2m > [22mMovieBattle[2m > [22minicia a batalha e mostra os cards[33m 634[2mms[22m[39m
 [32mÔ£ô[39m src/__tests__/features/EditListModal.test.tsx[2m > [22mEditListModal[2m > [22mchama onUpdate com os dados corretos ao submeter[33m 1723[2mms[22m[39m
 [32mÔ£ô[39m src/__tests__/features/EditListModal.test.tsx[2m > [22mEditListModal[2m > [22mchama onHide ao clicar em Cancelar[33m 329[2mms[22m[39m
 [32mÔ£ô[39m src/__tests__/features/EditListModal.test.tsx[2m > [22mEditListModal[2m > [22mn├úo submete com nome vazio[32m 148[2mms[22m[39m
 [32mÔ£ô[39m src/__tests__/features/MovieBattle.test.tsx[2m > [22mMovieBattle[2m > [22mprogride para o pr├│ximo duelo ap├│s selecionar um vencedor[33m 944[2mms[22m[39m
 [32mÔ£ô[39m src/__tests__/features/MovieBattle.test.tsx[2m > [22mMovieBattle[2m > [22mn├úo inclui filmes da watchlist nos dispon├¡veis[32m 70[2mms[22m[39m
 [32mÔ£ô[39m src/__tests__/features/EditListModal.test.tsx[2m > [22mEditListModal[2m > [22mrespeita maxLength de 50 para o nome[32m 218[2mms[22m[39m
 [32mÔ£ô[39m src/__tests__/features/EditListModal.test.tsx[2m > [22mEditListModal[2m > [22mrespeita maxLength de 200 para a descri├º├úo[32m 168[2mms[22m[39m
 [32mÔ£ô[39m src/__tests__/features/EditListModal.test.tsx[2m > [22mEditListModal[2m > [22mexibe contador de caracteres para nome e descri├º├úo[32m 141[2mms[22m[39m
 [32mÔ£ô[39m src/__tests__/features/CreateListModal.test.tsx[2m > [22mCreateListModal[2m > [22mhabilita bot├úo de submit quando nome ├® preenchido[33m 1315[2mms[22m[39m
 [32mÔ£ô[39m src/__tests__/features/CreateListModal.test.tsx[2m > [22mCreateListModal[2m > [22mnome tem maxLength de 50[32m 175[2mms[22m[39m
 [32mÔ£ô[39m src/__tests__/features/CreateListModal.test.tsx[2m > [22mCreateListModal[2m > [22mdescri├º├úo tem maxLength de 200[32m 187[2mms[22m[39m
 [32mÔ£ô[39m src/__tests__/features/CreateListModal.test.tsx[2m > [22mCreateListModal[2m > [22mmostra se├º├úo de amigos ao selecionar tipo compartilhado[33m 363[2mms[22m[39m
 [32mÔ£ô[39m src/__tests__/features/CreateListModal.test.tsx[2m > [22mCreateListModal[2m > [22mesconde se├º├úo de amigos ao voltar para Particular[33m 880[2mms[22m[39m
 [32mÔ£ô[39m src/__tests__/features/CreateListModal.test.tsx[2m > [22mCreateListModal[2m > [22msubmete lista particular corretamente[33m 946[2mms[22m[39m
 [32mÔ£ô[39m src/__tests__/features/Dashboard.test.tsx[2m > [22mDashboard[2m > [22mn├úo renderiza nada quando n├úo h├í filmes[32m 41[2mms[22m[39m
 [32mÔ£ô[39m src/__tests__/features/Dashboard.test.tsx[2m > [22mDashboard[2m > [22mexibe o total de filmes assistidos (ignora watchlist)[32m 246[2mms[22m[39m
 [32mÔ£ô[39m src/__tests__/features/Dashboard.test.tsx[2m > [22mDashboard[2m > [22mcalcula a m├®dia geral corretamente[32m 31[2mms[22m[39m
 [32mÔ£ô[39m src/__tests__/features/Dashboard.test.tsx[2m > [22mDashboard[2m > [22mconta filmes fora dos EUA[32m 31[2mms[22m[39m
 [32mÔ£ô[39m src/__tests__/features/Dashboard.test.tsx[2m > [22mDashboard[2m > [22mexibe diretor mais frequente quando h├í repeti├º├úo[32m 39[2mms[22m[39m
 [32mÔ£ô[39m src/__tests__/features/Dashboard.test.tsx[2m > [22mDashboard[2m > [22mexibe 'V├írios' quando nenhum diretor se repete[32m 39[2mms[22m[39m
 [32mÔ£ô[39m src/__tests__/features/Dashboard.test.tsx[2m > [22mDashboard[2m > [22mlida com filmes sem countries (n├úo crasheia)[32m 21[2mms[22m[39m
 [32mÔ£ô[39m src/__tests__/features/Dashboard.test.tsx[2m > [22mDashboard[2m > [22mexibe porcentagem fora dos EUA como 0% quando totalMovies ├® 0[32m 22[2mms[22m[39m
 [32mÔ£ô[39m src/__tests__/hooks/useMovieFilters.test.ts[2m > [22museMovieFilters[2m > [22minicia com viewMode 'watched' e sem filtros[32m 50[2mms[22m[39m
 [32mÔ£ô[39m src/__tests__/hooks/useMovieFilters.test.ts[2m > [22museMovieFilters[2m > [22mfiltra por viewMode 'watched'[32m 8[2mms[22m[39m
 [32mÔ£ô[39m src/__tests__/hooks/useMovieFilters.test.ts[2m > [22museMovieFilters[2m > [22mfiltra por viewMode 'watchlist'[32m 12[2mms[22m[39m
 [32mÔ£ô[39m src/__tests__/hooks/useMovieFilters.test.ts[2m > [22museMovieFilters[2m > [22mfiltra por searchTerm no t├¡tulo[32m 69[2mms[22m[39m
 [32mÔ£ô[39m src/__tests__/hooks/useMovieFilters.test.ts[2m > [22museMovieFilters[2m > [22mfiltra por searchTerm no diretor[32m 9[2mms[22m[39m
 [32mÔ£ô[39m src/__tests__/hooks/useMovieFilters.test.ts[2m > [22museMovieFilters[2m > [22mfiltra por searchTerm no g├¬nero[32m 5[2mms[22m[39m
 [32mÔ£ô[39m src/__tests__/hooks/useMovieFilters.test.ts[2m > [22museMovieFilters[2m > [22mbusca por 'oscar' retorna filmes do Oscar[32m 5[2mms[22m[39m
 [32mÔ£ô[39m src/__tests__/hooks/useMovieFilters.test.ts[2m > [22museMovieFilters[2m > [22mfiltra onlyNational[32m 5[2mms[22m[39m
 [32mÔ£ô[39m src/__tests__/hooks/useMovieFilters.test.ts[2m > [22museMovieFilters[2m > [22mfiltra onlyOscar[32m 7[2mms[22m[39m
 [32mÔ£ô[39m src/__tests__/hooks/useMovieFilters.test.ts[2m > [22museMovieFilters[2m > [22mfiltra por g├¬nero selecionado[32m 38[2mms[22m[39m
 [32mÔ£ô[39m src/__tests__/hooks/useMovieFilters.test.ts[2m > [22museMovieFilters[2m > [22mordena por rating (maior primeiro)[32m 5[2mms[22m[39m
 [32mÔ£ô[39m src/__tests__/hooks/useMovieFilters.test.ts[2m > [22museMovieFilters[2m > [22mordena por data de lan├ºamento (mais recente primeiro)[32m 5[2mms[22m[39m
 [32mÔ£ô[39m src/__tests__/hooks/useMovieFilters.test.ts[2m > [22museMovieFilters[2m > [22mordena alfabeticamente[32m 62[2mms[22m[39m
 [32mÔ£ô[39m src/__tests__/hooks/useMovieFilters.test.ts[2m > [22museMovieFilters[2m > [22mlista g├¬neros dispon├¡veis corretamente[32m 4[2mms[22m[39m
 [32mÔ£ô[39m src/__tests__/hooks/useMovieFilters.test.ts[2m > [22museMovieFilters[2m > [22mcombina filtros: onlyOscar + searchTerm[32m 4[2mms[22m[39m
 [32mÔ£ô[39m src/__tests__/hooks/useMovieFilters.test.ts[2m > [22museMovieFilters[2m > [22mretorna lista vazia quando nenhum filme corresponde ao filtro[32m 6[2mms[22m[39m
 [32mÔ£ô[39m src/__tests__/hooks/useMovieFilters.test.ts[2m > [22museMovieFilters[2m > [22mbusca por ator no cast[32m 5[2mms[22m[39m
 [32mÔ£ô[39m src/__tests__/App.test.tsx[2m > [22mApp[2m > [22mrenderiza a landing page para usu├írios n├úo logados[32m 186[2mms[22m[39m
 [32mÔ£ô[39m src/__tests__/App.test.tsx[2m > [22mApp[2m > [22mrenderiza o Navbar e Footer[32m 32[2mms[22m[39m
 [32mÔ£ô[39m src/__tests__/App.test.tsx[2m > [22mApp[2m > [22mrenderiza a rota de perfil p├║blico[32m 9[2mms[22m[39m
 [32mÔ£ô[39m src/__tests__/App.test.tsx[2m > [22mApp[2m > [22mrenderiza a rota de reset de senha[32m 7[2mms[22m[39m
 [32mÔ£ô[39m src/__tests__/App.test.tsx[2m > [22mApp[2m > [22mexibe as features cards na landing page[32m 55[2mms[22m[39m
 [32mÔ£ô[39m src/__tests__/components/Footer.test.tsx[2m > [22mFooter[2m > [22mrenderiza sem crash[32m 168[2mms[22m[39m
 [32mÔ£ô[39m src/__tests__/components/LoadingOverlay.test.tsx[2m > [22mLoadingOverlay[2m > [22mrenderiza com mensagem padr├úo 'Carregando...'[32m 117[2mms[22m[39m
 [32mÔ£ô[39m src/__tests__/components/LoadingOverlay.test.tsx[2m > [22mLoadingOverlay[2m > [22mrenderiza com mensagem personalizada[32m 18[2mms[22m[39m
 [32mÔ£ô[39m src/__tests__/components/LoadingOverlay.test.tsx[2m > [22mLoadingOverlay[2m > [22mcont├®m spinner de carregamento[32m 30[2mms[22m[39m
npx.cmd : [90mstderr[2m | src/__tests__/services/tmdbService.test.ts[2m > 
[22m[2mtmdbService[2m > [22m[2menrichMovieWithTmdb[2m > [22m[2mretorna 
dados originais quando TMDB falha
No linha:1 caractere:1
+ npx.cmd vitest run --reporter=verbose 2>&1 | Tee-Object -FilePath tes ...
+ ~~~~~~~~~~~~~~~~~~~~~~~~~~~~~~~~~~~~~~~~~~
    + CategoryInfo          : NotSpecified: ([90mstderr[2m...ando TMDB falha 
   :String) [], RemoteException
    + FullyQualifiedErrorId : NativeCommandError
 
[22m[39mErro TMDB ID 123 Error: Network error
    at C:/Users/user/Documents/Projetos GIT-Godot/GIT/JJ_reviews/frontend/src/_
_tests__/services/tmdbService.test.ts:73:44
    at [90mfile:///C:/Users/user/Documents/Projetos%20GIT-Godot/GIT/JJ_reviews
/frontend/[39mnode_modules/[4m@vitest[24m/runner/dist/index.js:145:11
    at [90mfile:///C:/Users/user/Documents/Projetos%20GIT-Godot/GIT/JJ_reviews
/frontend/[39mnode_modules/[4m@vitest[24m/runner/dist/index.js:915:26
    at [90mfile:///C:/Users/user/Documents/Projetos%20GIT-Godot/GIT/JJ_reviews
/frontend/[39mnode_modules/[4m@vitest[24m/runner/dist/index.js:1243:20
    at new Promise (<anonymous>)
    at runWithTimeout [90m(file:///C:/Users/user/Documents/Projetos%20GIT-Godo
t/GIT/JJ_reviews/frontend/[39mnode_modules/[4m@vitest[24m/runner/dist/index.
js:1209:10[90m)[39m
    at [90mfile:///C:/Users/user/Documents/Projetos%20GIT-Godot/GIT/JJ_reviews
/frontend/[39mnode_modules/[4m@vitest[24m/runner/dist/index.js:1653:37
    at Traces.$ [90m(file:///C:/Users/user/Documents/Projetos%20GIT-Godot/GIT/
JJ_reviews/frontend/[39mnode_modules/[4mvitest[24m/dist/chunks/traces.CCmnQa
NT.js:142:27[90m)[39m
    at trace [90m(file:///C:/Users/user/Documents/Projetos%20GIT-Godot/GIT/JJ_
reviews/frontend/[39mnode_modules/[4mvitest[24m/dist/chunks/test.B8ej_ZHS.js
:239:21[90m)[39m
    at runTest [90m(file:///C:/Users/user/Documents/Projetos%20GIT-Godot/GIT/J
J_reviews/frontend/[39mnode_modules/[4m@vitest[24m/runner/dist/index.js:1653
:12[90m)[39m

[90mstderr[2m | src/__tests__/services/tmdbService.test.ts[2m > 
[22m[2mtmdbService[2m > [22m[2msearchMovies[2m > [22m[2mretorna array 
vazio quando API falha
[22m[39mErro ao buscar filmes no TMDB: Error: Network error
    at C:/Users/user/Documents/Projetos GIT-Godot/GIT/JJ_reviews/frontend/src/_
_tests__/services/tmdbService.test.ts:135:44
    at [90mfile:///C:/Users/user/Documents/Projetos%20GIT-Godot/GIT/JJ_reviews
/frontend/[39mnode_modules/[4m@vitest[24m/runner/dist/index.js:145:11
    at [90mfile:///C:/Users/user/Documents/Projetos%20GIT-Godot/GIT/JJ_reviews
/frontend/[39mnode_modules/[4m@vitest[24m/runner/dist/index.js:915:26
    at [90mfile:///C:/Users/user/Documents/Projetos%20GIT-Godot/GIT/JJ_reviews
/frontend/[39mnode_modules/[4m@vitest[24m/runner/dist/index.js:1243:20
    at new Promise (<anonymous>)
    at runWithTimeout [90m(file:///C:/Users/user/Documents/Projetos%20GIT-Godo
t/GIT/JJ_reviews/frontend/[39mnode_modules/[4m@vitest[24m/runner/dist/index.
js:1209:10[90m)[39m
    at [90mfile:///C:/Users/user/Documents/Projetos%20GIT-Godot/GIT/JJ_reviews
/frontend/[39mnode_modules/[4m@vitest[24m/runner/dist/index.js:1653:37
    at Traces.$ [90m(file:///C:/Users/user/Documents/Projetos%20GIT-Godot/GIT/
JJ_reviews/frontend/[39mnode_modules/[4mvitest[24m/dist/chunks/traces.CCmnQa
NT.js:142:27[90m)[39m
    at trace [90m(file:///C:/Users/user/Documents/Projetos%20GIT-Godot/GIT/JJ_
reviews/frontend/[39mnode_modules/[4mvitest[24m/dist/chunks/test.B8ej_ZHS.js
:239:21[90m)[39m
    at runTest [90m(file:///C:/Users/user/Documents/Projetos%20GIT-Godot/GIT/J
J_reviews/frontend/[39mnode_modules/[4m@vitest[24m/runner/dist/index.js:1653
:12[90m)[39m

 [32mÔ£ô[39m src/__tests__/services/tmdbService.test.ts[2m > [22mtmdbService[2m > [22menrichMovieWithTmdb[2m > [22menriquece filme com dados do TMDB[32m 13[2mms[22m[39m
 [32mÔ£ô[39m src/__tests__/services/tmdbService.test.ts[2m > [22mtmdbService[2m > [22menrichMovieWithTmdb[2m > [22mmarca filme brasileiro como isNational[32m 1[2mms[22m[39m
 [32mÔ£ô[39m src/__tests__/services/tmdbService.test.ts[2m > [22mtmdbService[2m > [22menrichMovieWithTmdb[2m > [22mretorna dados originais quando TMDB falha[32m 11[2mms[22m[39m
 [32mÔ£ô[39m src/__tests__/services/tmdbService.test.ts[2m > [22mtmdbService[2m > [22menrichMovieWithTmdb[2m > [22mlida com cr├®ditos ausentes[32m 2[2mms[22m[39m
 [32mÔ£ô[39m src/__tests__/services/tmdbService.test.ts[2m > [22mtmdbService[2m > [22menrichMovieWithTmdb[2m > [22mmarca filme do Oscar corretamente[32m 1[2mms[22m[39m
 [32mÔ£ô[39m src/__tests__/services/tmdbService.test.ts[2m > [22mtmdbService[2m > [22msearchMovies[2m > [22mretorna at├® 5 resultados[32m 2[2mms[22m[39m
 [32mÔ£ô[39m src/__tests__/services/tmdbService.test.ts[2m > [22mtmdbService[2m > [22msearchMovies[2m > [22mretorna array vazio quando API falha[32m 3[2mms[22m[39m
 [32mÔ£ô[39m src/__tests__/services/tmdbService.test.ts[2m > [22mtmdbService[2m > [22msearchMovies[2m > [22mencoda a query corretamente[32m 7[2mms[22m[39m
 [32mÔ£ô[39m src/__tests__/utils/cropImage.test.ts[2m > [22mcreateImage[2m > [22mresolve com um HTMLImageElement quando a imagem carrega[32m 8[2mms[22m[39m
 [32mÔ£ô[39m src/__tests__/utils/cropImage.test.ts[2m > [22mcreateImage[2m > [22mrejeita quando a imagem falha ao carregar[32m 4[2mms[22m[39m
 [32mÔ£ô[39m src/__tests__/utils/cropImage.test.ts[2m > [22mgetCroppedImg[2m > [22mretorna null quando canvas context n├úo est├í dispon├¡vel[32m 3[2mms[22m[39m
 [32mÔ£ô[39m src/__tests__/types/types.test.ts[2m > [22mTypes - Valida├º├úo de estrutura[2m > [22mMovieData - permite rating null para watchlist[32m 3[2mms[22m[39m
 [32mÔ£ô[39m src/__tests__/types/types.test.ts[2m > [22mTypes - Valida├º├úo de estrutura[2m > [22mMovieData - campos opcionais podem ser undefined[32m 1[2mms[22m[39m
 [32mÔ£ô[39m src/__tests__/types/types.test.ts[2m > [22mTypes - Valida├º├úo de estrutura[2m > [22mCustomList - aceita todos os tipos de lista[32m 1[2mms[22m[39m
 [32mÔ£ô[39m src/__tests__/types/types.test.ts[2m > [22mTypes - Valida├º├úo de estrutura[2m > [22mListCollaborator - aceita status pending e accepted[32m 1[2mms[22m[39m
 [32mÔ£ô[39m src/__tests__/types/types.test.ts[2m > [22mTypes - Valida├º├úo de estrutura[2m > [22mListCollaborator - aceita roles owner e member[32m 1[2mms[22m[39m
 [32mÔ£ô[39m src/__tests__/types/types.test.ts[2m > [22mTypes - Valida├º├úo de estrutura[2m > [22mListReview - user_id pode ser null (full_shared)[32m 0[2mms[22m[39m
 [32mÔ£ô[39m src/__tests__/types/types.test.ts[2m > [22mTypes - Valida├º├úo de estrutura[2m > [22mAppNotification - aceita todos os tipos[32m 1[2mms[22m[39m
 [32mÔ£ô[39m src/__tests__/types/types.test.ts[2m > [22mTypes - Valida├º├úo de estrutura[2m > [22mFriendship - aceita status pending, accepted, declined[32m 1[2mms[22m[39m
 [32mÔ£ô[39m src/__tests__/types/types.test.ts[2m > [22mTypes - Valida├º├úo de estrutura[2m > [22mFriendProfile - inclui is_requester[32m 1[2mms[22m[39m
 [32mÔ£ô[39m src/__tests__/types/types.test.ts[2m > [22mTypes - Valida├º├úo de estrutura[2m > [22mTmdbProvider - tem campos obrigat├│rios[32m 1[2mms[22m[39m
 [32mÔ£ô[39m src/__tests__/types/types.test.ts[2m > [22mTypes - Valida├º├úo de estrutura[2m > [22mTmdbSearchResult - poster_path pode ser null[32m 0[2mms[22m[39m
 [32mÔ£ô[39m src/__tests__/types/types.test.ts[2m > [22mTypes - Valida├º├úo de estrutura[2m > [22mTmdbGenre - cont├®m id e name[32m 0[2mms[22m[39m
 [32mÔ£ô[39m src/__tests__/types/types.test.ts[2m > [22mTypes - Valida├º├úo de estrutura[2m > [22mTmdbCrew / TmdbCast / TmdbCountry - campos b├ísicos[32m 0[2mms[22m[39m
 [32mÔ£ô[39m src/__tests__/types/types.test.ts[2m > [22mTypes - Valida├º├úo de estrutura[2m > [22mListMovie - propriedades obrigat├│rias[32m 0[2mms[22m[39m
 [32mÔ£ô[39m src/__tests__/utils/badges.test.ts[2m > [22mgetBadgeStyle[2m > [22mretorna badge correto para 'Assista com certeza'[32m 2[2mms[22m[39m
 [32mÔ£ô[39m src/__tests__/utils/badges.test.ts[2m > [22mgetBadgeStyle[2m > [22mretorna badge correto para 'Vale a pena assistir'[32m 1[2mms[22m[39m
 [32mÔ£ô[39m src/__tests__/utils/badges.test.ts[2m > [22mgetBadgeStyle[2m > [22mretorna badge correto para 'Tem filmes melhores, mas ├® legal'[32m 0[2mms[22m[39m
 [32mÔ£ô[39m src/__tests__/utils/badges.test.ts[2m > [22mgetBadgeStyle[2m > [22mretorna badge correto para 'N├úo t├úo bom'[32m 1[2mms[22m[39m
 [32mÔ£ô[39m src/__tests__/utils/badges.test.ts[2m > [22mgetBadgeStyle[2m > [22mretorna badge correto para 'N├úo perca seu tempo'[32m 0[2mms[22m[39m
 [32mÔ£ô[39m src/__tests__/utils/badges.test.ts[2m > [22mgetBadgeStyle[2m > [22mretorna badge padr├úo para string vazia[32m 0[2mms[22m[39m
 [32mÔ£ô[39m src/__tests__/utils/badges.test.ts[2m > [22mgetBadgeStyle[2m > [22mretorna badge padr├úo para texto desconhecido[32m 0[2mms[22m[39m
 [32mÔ£ô[39m src/__tests__/utils/badges.test.ts[2m > [22mgetBadgeStyle[2m > [22mfunciona com case insensitive[32m 0[2mms[22m[39m
 [32mÔ£ô[39m src/__tests__/utils/badges.test.ts[2m > [22mgetBadgeStyle[2m > [22mfunciona com espa├ºos extras[32m 0[2mms[22m[39m
 [32mÔ£ô[39m src/__tests__/constants/oscar.test.ts[2m > [22mOSCAR_NOMINEES_IDS[2m > [22m├® um array de n├║meros[32m 3[2mms[22m[39m
 [32mÔ£ô[39m src/__tests__/constants/oscar.test.ts[2m > [22mOSCAR_NOMINEES_IDS[2m > [22mn├úo cont├®m duplicatas[32m 0[2mms[22m[39m
 [32mÔ£ô[39m src/__tests__/constants/oscar.test.ts[2m > [22mOSCAR_NOMINEES_IDS[2m > [22mtodos os IDs s├úo positivos[32m 1[2mms[22m[39m
 [32mÔ£ô[39m src/__tests__/constants/oscar.test.ts[2m > [22mOSCAR_NOMINEES_IDS[2m > [22mcont├®m pelo menos um ID[32m 0[2mms[22m[39m

[2m Test Files [22m [1m[32m17 passed[39m[22m[90m (17)[39m
[2m      Tests [22m [1m[32m130 passed[39m[22m[90m (130)[39m
[2m   Start at [22m 19:02:53
[2m   Duration [22m 24.46s[2m (transform 6.27s, setup 10.42s, import 32.06s, tests 22.64s, environment 77.44s)[22m

